npm warn Unknown env config "http-proxy". This will stop working in the next major version of npm.

> gameindex-beta-09915-cinematic-update@0.992.0 test:audit
> node tests/audit-09915-hf2-regression.mjs && node tests/audit-09915-hf2-persistence.mjs

[GameIndex DB] migration backup ready: gamevault-0.5-before-0.6-beta-0.6-2026-10-01T09-25-34-403Z.sqlite (208896 bytes, retention=5)
[GameIndex DB] migration backup ready: gamevault-0.6-before-0.65-beta-0.65-2026-10-01T09-25-34-409Z.sqlite (294912 bytes, retention=5)
[GameIndex DB] migration backup ready: gamevault-0.65-before-0.67-beta-0.67-2026-10-01T09-25-34-413Z.sqlite (430080 bytes, retention=5)
[GameIndex DB] migration backup ready: gamevault-0.67-before-0.675-beta-0.675-2026-10-01T09-25-34-416Z.sqlite (507904 bytes, retention=5)
[GameIndex DB] migration backup ready: gamevault-0.675-before-0.7-beta-0.7-2026-10-01T09-25-34-420Z.sqlite (557056 bytes, retention=5)
[GameIndex DB] backup retention removed 1 old artifact(s): gamevault-0.5-before-0.6-beta-0.6-2026-10-01T09-25-34-403Z.sqlite
[GameIndex DB] migration backup ready: gamevault-0.7-before-0.705-beta-0.705-2026-10-01T09-25-34-436Z.sqlite (638976 bytes, retention=5)
[GameIndex DB] backup retention removed 1 old artifact(s): gamevault-0.6-before-0.65-beta-0.65-2026-10-01T09-25-34-409Z.sqlite
[GameIndex DB] migration backup ready: gamevault-0.705-before-0.8-beta-0.8-2026-10-01T09-25-34-439Z.sqlite (647168 bytes, retention=5)
[GameIndex DB] backup retention removed 1 old artifact(s): gamevault-0.65-before-0.67-beta-0.67-2026-10-01T09-25-34-413Z.sqlite
[GameIndex DB] migration backup ready: gamevault-0.8-before-0.85-beta-0.85-2026-10-01T09-25-34-452Z.sqlite (745472 bytes, retention=5)
[GameIndex DB] backup retention removed 1 old artifact(s): gamevault-0.67-before-0.675-beta-0.675-2026-10-01T09-25-34-416Z.sqlite
[GameIndex DB] migration backup ready: gamevault-0.85-before-0.86-beta-0.86-2026-10-01T09-25-34-457Z.sqlite (872448 bytes, retention=5)
[GameIndex DB] backup retention removed 1 old artifact(s): gamevault-0.675-before-0.7-beta-0.7-2026-10-01T09-25-34-420Z.sqlite
[GameIndex DB] migration backup ready: gamevault-0.86-before-0.87-beta-0.87-2026-10-01T09-25-34-477Z.sqlite (925696 bytes, retention=5)
[GameIndex DB] backup retention removed 1 old artifact(s): gamevault-0.7-before-0.705-beta-0.705-2026-10-01T09-25-34-436Z.sqlite
[GameIndex DB] migration backup ready: gamevault-0.87-before-0.88-beta-0.88-2026-10-01T09-25-34-487Z.sqlite (958464 bytes, retention=5)
[GameIndex DB] backup retention removed 1 old artifact(s): gamevault-0.705-before-0.8-beta-0.8-2026-10-01T09-25-34-439Z.sqlite
[GameIndex DB] migration backup ready: gamevault-0.88-before-0.885-beta-0.885-2026-10-01T09-25-34-492Z.sqlite (1069056 bytes, retention=5)
[GameIndex DB] backup retention removed 1 old artifact(s): gamevault-0.8-before-0.85-beta-0.85-2026-10-01T09-25-34-452Z.sqlite
[GameIndex DB] migration backup ready: gamevault-0.885-before-0.89-beta-0.89-2026-10-01T09-25-34-498Z.sqlite (1097728 bytes, retention=5)
[GameIndex DB] backup retention removed 1 old artifact(s): gamevault-0.85-before-0.86-beta-0.86-2026-10-01T09-25-34-457Z.sqlite
[GameIndex DB] migration backup ready: gamevault-0.89-before-0.9-beta-0.9-2026-10-01T09-25-34-503Z.sqlite (1126400 bytes, retention=5)
[GameIndex DB] backup retention removed 1 old artifact(s): gamevault-0.86-before-0.87-beta-0.87-2026-10-01T09-25-34-477Z.sqlite
[GameIndex DB] migration backup ready: gamevault-0.9-before-0.91-beta-0.91-2026-10-01T09-25-34-516Z.sqlite (1294336 bytes, retention=5)
[GameIndex DB] backup retention removed 1 old artifact(s): gamevault-0.87-before-0.88-beta-0.88-2026-10-01T09-25-34-487Z.sqlite
[GameIndex DB] migration backup ready: gamevault-0.91-before-0.92-beta-0.92-2026-10-01T09-25-34-521Z.sqlite (1310720 bytes, retention=5)
[GameIndex DB] backup retention removed 1 old artifact(s): gamevault-0.88-before-0.885-beta-0.885-2026-10-01T09-25-34-492Z.sqlite
[GameIndex DB] migration backup ready: gamevault-0.92-before-0.95-beta-0.95-2026-10-01T09-25-34-526Z.sqlite (1392640 bytes, retention=5)
[GameIndex DB] backup retention removed 1 old artifact(s): gamevault-0.885-before-0.89-beta-0.89-2026-10-01T09-25-34-498Z.sqlite
[GameIndex DB] migration backup ready: gamevault-0.95-before-0.96-beta-0.96-2026-10-01T09-25-34-534Z.sqlite (1781760 bytes, retention=5)
[GameIndex DB] backup retention removed 1 old artifact(s): gamevault-0.89-before-0.9-beta-0.9-2026-10-01T09-25-34-503Z.sqlite
[GameIndex DB] migration backup ready: gamevault-0.96-before-0.97-beta-0.97-2026-10-01T09-25-34-542Z.sqlite (2289664 bytes, retention=5)
[GameIndex DB] backup retention removed 1 old artifact(s): gamevault-0.9-before-0.91-beta-0.91-2026-10-01T09-25-34-516Z.sqlite
[GameIndex DB] migration backup ready: gamevault-0.97-before-0.97-BF-beta-0.97-bf-2026-10-01T09-25-34-548Z.sqlite (2359296 bytes, retention=5)
[GameIndex DB] backup retention removed 1 old artifact(s): gamevault-0.91-before-0.92-beta-0.92-2026-10-01T09-25-34-521Z.sqlite
[GameIndex DB] migration backup ready: gamevault-0.97-BF-before-0.975-BF-beta-0.975-bf-2026-10-01T09-25-34-554Z.sqlite (2461696 bytes, retention=5)
[GameIndex DB] backup retention removed 1 old artifact(s): gamevault-0.92-before-0.95-beta-0.95-2026-10-01T09-25-34-526Z.sqlite
[GameIndex DB] migration backup ready: gamevault-0.975-BF-before-0.975-BF-PRE-PUBLIC-beta-0.975-bf-pre-public-2026-10-01T09-25-34-591Z.sqlite (2510848 bytes, retention=5)
[GameIndex DB] backup retention removed 1 old artifact(s): gamevault-0.95-before-0.96-beta-0.96-2026-10-01T09-25-34-534Z.sqlite
[GameIndex DB] migration backup ready: gamevault-0.975-BF-PRE-PUBLIC-before-0.98-beta-0.98-2026-10-01T09-25-34-622Z.sqlite (2625536 bytes, retention=5)
[GameIndex DB] backup retention removed 1 old artifact(s): gamevault-0.96-before-0.97-beta-0.97-2026-10-01T09-25-34-542Z.sqlite
[GameIndex DB] migration backup ready: gamevault-0.98-before-0.985-beta-0.985-2026-10-01T09-25-34-633Z.sqlite (2772992 bytes, retention=5)
[GameIndex DB] backup retention removed 1 old artifact(s): gamevault-0.97-before-0.97-BF-beta-0.97-bf-2026-10-01T09-25-34-548Z.sqlite
[GameIndex DB] migration backup ready: gamevault-0.985-before-0.985-HF2-beta-0.985-hf2-2026-10-01T09-25-34-644Z.sqlite (2899968 bytes, retention=5)
[GameIndex DB] backup retention removed 1 old artifact(s): gamevault-0.97-BF-before-0.975-BF-beta-0.975-bf-2026-10-01T09-25-34-554Z.sqlite
[GameIndex DB] migration backup ready: gamevault-0.985-HF2-before-0.985-HF3-beta-0.985-hf3-2026-10-01T09-25-34-651Z.sqlite (2899968 bytes, retention=5)
[GameIndex DB] backup retention removed 1 old artifact(s): gamevault-0.975-BF-before-0.975-BF-PRE-PUBLIC-beta-0.975-bf-pre-public-2026-10-01T09-25-34-591Z.sqlite
[GameIndex DB] migration backup ready: gamevault-0.985-HF3-before-0.985-HF4-beta-0.985-hf4-2026-10-01T09-25-34-657Z.sqlite (2899968 bytes, retention=5)
[GameIndex DB] backup retention removed 1 old artifact(s): gamevault-0.975-BF-PRE-PUBLIC-before-0.98-beta-0.98-2026-10-01T09-25-34-622Z.sqlite
[GameIndex DB] migration backup ready: gamevault-0.985-HF4-before-0.986-beta-0.986-2026-10-01T09-25-34-678Z.sqlite (2908160 bytes, retention=5)
[GameIndex DB] backup retention removed 1 old artifact(s): gamevault-0.98-before-0.985-beta-0.985-2026-10-01T09-25-34-633Z.sqlite
[GameIndex DB] migration backup ready: gamevault-0.986-before-0.986-HF2-beta-0.986-hf2-2026-10-01T09-25-34-690Z.sqlite (2994176 bytes, retention=5)
[GameIndex DB] backup retention removed 1 old artifact(s): gamevault-0.985-before-0.985-HF2-beta-0.985-hf2-2026-10-01T09-25-34-644Z.sqlite
[GameIndex DB] migration backup ready: gamevault-0.986-HF2-before-0.986-HF2-beta-0.986-hf2-experience-media-2026-10-01T09-25-34-697Z.sqlite (3035136 bytes, retention=5)
[GameIndex DB] backup retention removed 1 old artifact(s): gamevault-0.985-HF2-before-0.985-HF3-beta-0.985-hf3-2026-10-01T09-25-34-651Z.sqlite
[GameIndex DB] migration backup ready: gamevault-0.986-HF2-before-0.987-beta-0.987-final-personalization-2026-10-01T09-25-34-703Z.sqlite (3047424 bytes, retention=5)
[GameIndex DB] backup retention removed 1 old artifact(s): gamevault-0.985-HF3-before-0.985-HF4-beta-0.985-hf4-2026-10-01T09-25-34-657Z.sqlite
[GameIndex DB] migration backup ready: gamevault-0.987-before-0.9875-beta-0.9875-full-page-personalization-2026-10-01T09-25-34-716Z.sqlite (3076096 bytes, retention=5)
[GameIndex DB] backup retention removed 1 old artifact(s): gamevault-0.985-HF4-before-0.986-beta-0.986-2026-10-01T09-25-34-678Z.sqlite
[GameIndex DB] migration backup ready: gamevault-0.9875-before-0.99-beta-0.99-final-foundation-2026-10-01T09-25-34-723Z.sqlite (3076096 bytes, retention=5)
[GameIndex DB] backup retention removed 1 old artifact(s): gamevault-0.986-before-0.986-HF2-beta-0.986-hf2-2026-10-01T09-25-34-690Z.sqlite
[GameIndex DB] migration backup ready: gamevault-0.99-I1-before-0.99-I2-beta-0.99-i2-intelligent-procedural-experience-engine-2026-10-01T09-25-34-748Z.sqlite (3321856 bytes, retention=5)
[GameIndex DB] backup retention removed 1 old artifact(s): gamevault-0.986-HF2-before-0.986-HF2-beta-0.986-hf2-experience-media-2026-10-01T09-25-34-697Z.sqlite
[GameIndex DB] migration backup ready: gamevault-0.99-I2-before-0.99-I3-beta-0.99-i3-game-sourced-visual-composition-2026-10-01T09-25-34-761Z.sqlite (3346432 bytes, retention=5)
[GameIndex DB] backup retention removed 1 old artifact(s): gamevault-0.986-HF2-before-0.987-beta-0.987-final-personalization-2026-10-01T09-25-34-703Z.sqlite
[GameIndex DB] migration backup ready: gamevault-0.99-I3-before-0.99-I4-beta-0.99-i4-three-stage-universe-production-pipeline-2026-10-01T09-25-34-768Z.sqlite (3383296 bytes, retention=5)
[GameIndex DB] backup retention removed 1 old artifact(s): gamevault-0.987-before-0.9875-beta-0.9875-full-page-personalization-2026-10-01T09-25-34-716Z.sqlite
[GameIndex DB] migration backup ready: gamevault-0.99-I4-before-0.99-I5-beta-0.99-i5-production-consolidation-2026-10-01T09-25-34-774Z.sqlite (3465216 bytes, retention=5)
[GameIndex DB] backup retention removed 1 old artifact(s): gamevault-0.9875-before-0.99-beta-0.99-final-foundation-2026-10-01T09-25-34-723Z.sqlite
[GameIndex DB] migration backup ready: gamevault-0.99-I5-before-0.99-I6-beta-0.99-i6-universe-builder-experience-2026-10-01T09-25-34-785Z.sqlite (3600384 bytes, retention=5)
[GameIndex DB] backup retention removed 1 old artifact(s): gamevault-0.99-I1-before-0.99-I2-beta-0.99-i2-intelligent-procedural-experience-engine-2026-10-01T09-25-34-748Z.sqlite
[GameIndex DB] migration backup ready: gamevault-0.99-I6-before-0.99-I6-HF1-beta-0.99-i6-hf1-build-reliability-2026-10-01T09-25-34-793Z.sqlite (3719168 bytes, retention=5)
[GameIndex DB] backup retention removed 1 old artifact(s): gamevault-0.99-I2-before-0.99-I3-beta-0.99-i3-game-sourced-visual-composition-2026-10-01T09-25-34-761Z.sqlite
[GameIndex DB] migration backup ready: gamevault-0.99-I6-HF1-before-0.991-HF1-beta-0.991-hf1-identity-restoration-2026-10-01T09-25-34-801Z.sqlite (3751936 bytes, retention=5)
[GameIndex DB] backup retention removed 1 old artifact(s): gamevault-0.99-I3-before-0.99-I4-beta-0.99-i4-three-stage-universe-production-pipeline-2026-10-01T09-25-34-768Z.sqlite
[GameIndex DB] migration backup ready: gamevault-0.991-HF1-before-0.991-I1-beta-0.991-i1-reliability-navigation-diagnostics-2026-10-01T09-25-34-810Z.sqlite (3809280 bytes, retention=5)
[GameIndex DB] backup retention removed 1 old artifact(s): gamevault-0.99-I4-before-0.99-I5-beta-0.99-i5-production-consolidation-2026-10-01T09-25-34-774Z.sqlite
[GameIndex DB] migration backup ready: gamevault-0.991-I1-before-0.991-I1-HF1-beta-0.991-i1-hf1-neon-persistence-2026-10-01T09-25-34-817Z.sqlite (3837952 bytes, retention=5)
[GameIndex DB] backup retention removed 1 old artifact(s): gamevault-0.99-I5-before-0.99-I6-beta-0.99-i6-universe-builder-experience-2026-10-01T09-25-34-785Z.sqlite
[GameIndex DB] migration backup ready: gamevault-0.991-I1-HF1-before-0.991-I1-HF2-beta-0.991-i1-hf2-creator-animation-editor-2026-10-01T09-25-34-824Z.sqlite (3837952 bytes, retention=5)
[GameIndex DB] backup retention removed 1 old artifact(s): gamevault-0.99-I6-before-0.99-I6-HF1-beta-0.99-i6-hf1-build-reliability-2026-10-01T09-25-34-793Z.sqlite
[GameIndex DB] migration backup ready: gamevault-0.991-I1-HF2-before-0.9915-beta-0.9915-cinematic-update-2026-10-01T09-25-34-832Z.sqlite (3923968 bytes, retention=5)
[GameIndex DB] backup retention removed 1 old artifact(s): gamevault-0.99-I6-HF1-before-0.991-HF1-beta-0.991-hf1-identity-restoration-2026-10-01T09-25-34-801Z.sqlite
[GameIndex DB] migration backup ready: gamevault-0.9915-before-0.9915-I1-HF1-beta-0.9915-i1-hf1-full-recovery-2026-10-01T09-25-34-840Z.sqlite (4009984 bytes, retention=5)
[GameIndex DB] backup retention removed 1 old artifact(s): gamevault-0.991-HF1-before-0.991-I1-beta-0.991-i1-reliability-navigation-diagnostics-2026-10-01T09-25-34-810Z.sqlite
[GameIndex DB] migration backup ready: gamevault-0.9915-I1-HF1-before-0.9915-I1-HF2-beta-0.9915-i1-hf2-audit-2026-10-01T09-25-38-683Z.sqlite (11866112 bytes, retention=5)
PASS schema 46 to 47 preserves existing rows and integrity
PASS malformed cookie does not crash authentication
PASS spoofed XFF cannot reset rate limiter
PASS same-origin empty DELETE accepted; cross-origin denied
PASS mapped/private network targets rejected
PASS binary stream cancelled at byte limit
PASS legacy friendships and follows respect blocking
PASS request-only community cannot be auto-joined; owner retained
PASS favorite pagination handles fractions and invalid list input
PASS placeholder catalog does not show ten identical options
PASS lossless WebP dimensions and durable avatar bytes
{"ok":true,"passed":11,"tests":["schema 46 to 47 preserves existing rows and integrity","malformed cookie does not crash authentication","spoofed XFF cannot reset rate limiter","same-origin empty DELETE accepted; cross-origin denied","mapped/private network targets rejected","binary stream cancelled at byte limit","legacy friendships and follows respect blocking","request-only community cannot be auto-joined; owner retained","favorite pagination handles fractions and invalid list input","placeholder catalog does not show ten identical options","lossless WebP dimensions and durable avatar bytes"]}
{"ok":true,"tests":["concurrent flush preserves latest write","caller waits for queued upload","Neon HTTP timeout present"],"snapshots":3}
