npm warn Unknown env config "http-proxy". This will stop working in the next major version of npm.

> gameindex-beta-09915-cinematic-update@0.992.0 test:0992i2
> node tests/release-0992-i2.mjs && npm run test:bandwidth

[GameIndex DB] migration backup ready: gamevault-0.5-before-0.6-beta-0.6-2026-10-01T09-25-34-391Z.sqlite (208896 bytes, retention=5)
[GameIndex DB] migration backup ready: gamevault-0.6-before-0.65-beta-0.65-2026-10-01T09-25-34-396Z.sqlite (294912 bytes, retention=5)
[GameIndex DB] migration backup ready: gamevault-0.65-before-0.67-beta-0.67-2026-10-01T09-25-34-399Z.sqlite (430080 bytes, retention=5)
[GameIndex DB] migration backup ready: gamevault-0.67-before-0.675-beta-0.675-2026-10-01T09-25-34-402Z.sqlite (507904 bytes, retention=5)
[GameIndex DB] migration backup ready: gamevault-0.675-before-0.7-beta-0.7-2026-10-01T09-25-34-405Z.sqlite (557056 bytes, retention=5)
[GameIndex DB] backup retention removed 1 old artifact(s): gamevault-0.5-before-0.6-beta-0.6-2026-10-01T09-25-34-391Z.sqlite
[GameIndex DB] migration backup ready: gamevault-0.7-before-0.705-beta-0.705-2026-10-01T09-25-34-422Z.sqlite (638976 bytes, retention=5)
[GameIndex DB] backup retention removed 1 old artifact(s): gamevault-0.6-before-0.65-beta-0.65-2026-10-01T09-25-34-396Z.sqlite
[GameIndex DB] migration backup ready: gamevault-0.705-before-0.8-beta-0.8-2026-10-01T09-25-34-425Z.sqlite (647168 bytes, retention=5)
[GameIndex DB] backup retention removed 1 old artifact(s): gamevault-0.65-before-0.67-beta-0.67-2026-10-01T09-25-34-399Z.sqlite
[GameIndex DB] migration backup ready: gamevault-0.8-before-0.85-beta-0.85-2026-10-01T09-25-34-438Z.sqlite (745472 bytes, retention=5)
[GameIndex DB] backup retention removed 1 old artifact(s): gamevault-0.67-before-0.675-beta-0.675-2026-10-01T09-25-34-402Z.sqlite
[GameIndex DB] migration backup ready: gamevault-0.85-before-0.86-beta-0.86-2026-10-01T09-25-34-443Z.sqlite (872448 bytes, retention=5)
[GameIndex DB] backup retention removed 1 old artifact(s): gamevault-0.675-before-0.7-beta-0.7-2026-10-01T09-25-34-405Z.sqlite
[GameIndex DB] migration backup ready: gamevault-0.86-before-0.87-beta-0.87-2026-10-01T09-25-34-463Z.sqlite (925696 bytes, retention=5)
[GameIndex DB] backup retention removed 1 old artifact(s): gamevault-0.7-before-0.705-beta-0.705-2026-10-01T09-25-34-422Z.sqlite
[GameIndex DB] migration backup ready: gamevault-0.87-before-0.88-beta-0.88-2026-10-01T09-25-34-473Z.sqlite (958464 bytes, retention=5)
[GameIndex DB] backup retention removed 1 old artifact(s): gamevault-0.705-before-0.8-beta-0.8-2026-10-01T09-25-34-425Z.sqlite
[GameIndex DB] migration backup ready: gamevault-0.88-before-0.885-beta-0.885-2026-10-01T09-25-34-478Z.sqlite (1069056 bytes, retention=5)
[GameIndex DB] backup retention removed 1 old artifact(s): gamevault-0.8-before-0.85-beta-0.85-2026-10-01T09-25-34-438Z.sqlite
[GameIndex DB] migration backup ready: gamevault-0.885-before-0.89-beta-0.89-2026-10-01T09-25-34-484Z.sqlite (1097728 bytes, retention=5)
[GameIndex DB] backup retention removed 1 old artifact(s): gamevault-0.85-before-0.86-beta-0.86-2026-10-01T09-25-34-443Z.sqlite
[GameIndex DB] migration backup ready: gamevault-0.89-before-0.9-beta-0.9-2026-10-01T09-25-34-488Z.sqlite (1126400 bytes, retention=5)
[GameIndex DB] backup retention removed 1 old artifact(s): gamevault-0.86-before-0.87-beta-0.87-2026-10-01T09-25-34-463Z.sqlite
[GameIndex DB] migration backup ready: gamevault-0.9-before-0.91-beta-0.91-2026-10-01T09-25-34-500Z.sqlite (1294336 bytes, retention=5)
[GameIndex DB] backup retention removed 1 old artifact(s): gamevault-0.87-before-0.88-beta-0.88-2026-10-01T09-25-34-473Z.sqlite
[GameIndex DB] migration backup ready: gamevault-0.91-before-0.92-beta-0.92-2026-10-01T09-25-34-505Z.sqlite (1310720 bytes, retention=5)
[GameIndex DB] backup retention removed 1 old artifact(s): gamevault-0.88-before-0.885-beta-0.885-2026-10-01T09-25-34-478Z.sqlite
[GameIndex DB] migration backup ready: gamevault-0.92-before-0.95-beta-0.95-2026-10-01T09-25-34-511Z.sqlite (1392640 bytes, retention=5)
[GameIndex DB] backup retention removed 1 old artifact(s): gamevault-0.885-before-0.89-beta-0.89-2026-10-01T09-25-34-484Z.sqlite
[GameIndex DB] migration backup ready: gamevault-0.95-before-0.96-beta-0.96-2026-10-01T09-25-34-519Z.sqlite (1781760 bytes, retention=5)
[GameIndex DB] backup retention removed 1 old artifact(s): gamevault-0.89-before-0.9-beta-0.9-2026-10-01T09-25-34-488Z.sqlite
[GameIndex DB] migration backup ready: gamevault-0.96-before-0.97-beta-0.97-2026-10-01T09-25-34-531Z.sqlite (2289664 bytes, retention=5)
[GameIndex DB] backup retention removed 1 old artifact(s): gamevault-0.9-before-0.91-beta-0.91-2026-10-01T09-25-34-500Z.sqlite
[GameIndex DB] migration backup ready: gamevault-0.97-before-0.97-BF-beta-0.97-bf-2026-10-01T09-25-34-538Z.sqlite (2359296 bytes, retention=5)
[GameIndex DB] backup retention removed 1 old artifact(s): gamevault-0.91-before-0.92-beta-0.92-2026-10-01T09-25-34-505Z.sqlite
[GameIndex DB] migration backup ready: gamevault-0.97-BF-before-0.975-BF-beta-0.975-bf-2026-10-01T09-25-34-544Z.sqlite (2461696 bytes, retention=5)
[GameIndex DB] backup retention removed 1 old artifact(s): gamevault-0.92-before-0.95-beta-0.95-2026-10-01T09-25-34-511Z.sqlite
[GameIndex DB] migration backup ready: gamevault-0.975-BF-before-0.975-BF-PRE-PUBLIC-beta-0.975-bf-pre-public-2026-10-01T09-25-34-583Z.sqlite (2510848 bytes, retention=5)
[GameIndex DB] backup retention removed 1 old artifact(s): gamevault-0.95-before-0.96-beta-0.96-2026-10-01T09-25-34-519Z.sqlite
[GameIndex DB] migration backup ready: gamevault-0.975-BF-PRE-PUBLIC-before-0.98-beta-0.98-2026-10-01T09-25-34-615Z.sqlite (2625536 bytes, retention=5)
[GameIndex DB] backup retention removed 1 old artifact(s): gamevault-0.96-before-0.97-beta-0.97-2026-10-01T09-25-34-531Z.sqlite
[GameIndex DB] migration backup ready: gamevault-0.98-before-0.985-beta-0.985-2026-10-01T09-25-34-625Z.sqlite (2772992 bytes, retention=5)
[GameIndex DB] backup retention removed 1 old artifact(s): gamevault-0.97-before-0.97-BF-beta-0.97-bf-2026-10-01T09-25-34-538Z.sqlite
[GameIndex DB] migration backup ready: gamevault-0.985-before-0.985-HF2-beta-0.985-hf2-2026-10-01T09-25-34-636Z.sqlite (2899968 bytes, retention=5)
[GameIndex DB] backup retention removed 1 old artifact(s): gamevault-0.97-BF-before-0.975-BF-beta-0.975-bf-2026-10-01T09-25-34-544Z.sqlite
[GameIndex DB] migration backup ready: gamevault-0.985-HF2-before-0.985-HF3-beta-0.985-hf3-2026-10-01T09-25-34-644Z.sqlite (2899968 bytes, retention=5)
[GameIndex DB] backup retention removed 1 old artifact(s): gamevault-0.975-BF-before-0.975-BF-PRE-PUBLIC-beta-0.975-bf-pre-public-2026-10-01T09-25-34-583Z.sqlite
[GameIndex DB] migration backup ready: gamevault-0.985-HF3-before-0.985-HF4-beta-0.985-hf4-2026-10-01T09-25-34-651Z.sqlite (2899968 bytes, retention=5)
[GameIndex DB] backup retention removed 1 old artifact(s): gamevault-0.975-BF-PRE-PUBLIC-before-0.98-beta-0.98-2026-10-01T09-25-34-615Z.sqlite
[GameIndex DB] migration backup ready: gamevault-0.985-HF4-before-0.986-beta-0.986-2026-10-01T09-25-34-674Z.sqlite (2908160 bytes, retention=5)
[GameIndex DB] backup retention removed 1 old artifact(s): gamevault-0.98-before-0.985-beta-0.985-2026-10-01T09-25-34-625Z.sqlite
[GameIndex DB] migration backup ready: gamevault-0.986-before-0.986-HF2-beta-0.986-hf2-2026-10-01T09-25-34-687Z.sqlite (2994176 bytes, retention=5)
[GameIndex DB] backup retention removed 1 old artifact(s): gamevault-0.985-before-0.985-HF2-beta-0.985-hf2-2026-10-01T09-25-34-636Z.sqlite
[GameIndex DB] migration backup ready: gamevault-0.986-HF2-before-0.986-HF2-beta-0.986-hf2-experience-media-2026-10-01T09-25-34-693Z.sqlite (3035136 bytes, retention=5)
[GameIndex DB] backup retention removed 1 old artifact(s): gamevault-0.985-HF2-before-0.985-HF3-beta-0.985-hf3-2026-10-01T09-25-34-644Z.sqlite
[GameIndex DB] migration backup ready: gamevault-0.986-HF2-before-0.987-beta-0.987-final-personalization-2026-10-01T09-25-34-699Z.sqlite (3047424 bytes, retention=5)
[GameIndex DB] backup retention removed 1 old artifact(s): gamevault-0.985-HF3-before-0.985-HF4-beta-0.985-hf4-2026-10-01T09-25-34-651Z.sqlite
[GameIndex DB] migration backup ready: gamevault-0.987-before-0.9875-beta-0.9875-full-page-personalization-2026-10-01T09-25-34-713Z.sqlite (3076096 bytes, retention=5)
[GameIndex DB] backup retention removed 1 old artifact(s): gamevault-0.985-HF4-before-0.986-beta-0.986-2026-10-01T09-25-34-674Z.sqlite
[GameIndex DB] migration backup ready: gamevault-0.9875-before-0.99-beta-0.99-final-foundation-2026-10-01T09-25-34-721Z.sqlite (3076096 bytes, retention=5)
[GameIndex DB] backup retention removed 1 old artifact(s): gamevault-0.986-before-0.986-HF2-beta-0.986-hf2-2026-10-01T09-25-34-687Z.sqlite
[GameIndex DB] migration backup ready: gamevault-0.99-I1-before-0.99-I2-beta-0.99-i2-intelligent-procedural-experience-engine-2026-10-01T09-25-34-752Z.sqlite (3321856 bytes, retention=5)
[GameIndex DB] backup retention removed 1 old artifact(s): gamevault-0.986-HF2-before-0.986-HF2-beta-0.986-hf2-experience-media-2026-10-01T09-25-34-693Z.sqlite
[GameIndex DB] migration backup ready: gamevault-0.99-I2-before-0.99-I3-beta-0.99-i3-game-sourced-visual-composition-2026-10-01T09-25-34-771Z.sqlite (3346432 bytes, retention=5)
[GameIndex DB] backup retention removed 1 old artifact(s): gamevault-0.986-HF2-before-0.987-beta-0.987-final-personalization-2026-10-01T09-25-34-699Z.sqlite
[GameIndex DB] migration backup ready: gamevault-0.99-I3-before-0.99-I4-beta-0.99-i4-three-stage-universe-production-pipeline-2026-10-01T09-25-34-781Z.sqlite (3383296 bytes, retention=5)
[GameIndex DB] backup retention removed 1 old artifact(s): gamevault-0.987-before-0.9875-beta-0.9875-full-page-personalization-2026-10-01T09-25-34-713Z.sqlite
[GameIndex DB] migration backup ready: gamevault-0.99-I4-before-0.99-I5-beta-0.99-i5-production-consolidation-2026-10-01T09-25-34-789Z.sqlite (3465216 bytes, retention=5)
[GameIndex DB] backup retention removed 1 old artifact(s): gamevault-0.9875-before-0.99-beta-0.99-final-foundation-2026-10-01T09-25-34-721Z.sqlite
[GameIndex DB] migration backup ready: gamevault-0.99-I5-before-0.99-I6-beta-0.99-i6-universe-builder-experience-2026-10-01T09-25-34-800Z.sqlite (3600384 bytes, retention=5)
[GameIndex DB] backup retention removed 1 old artifact(s): gamevault-0.99-I1-before-0.99-I2-beta-0.99-i2-intelligent-procedural-experience-engine-2026-10-01T09-25-34-752Z.sqlite
[GameIndex DB] migration backup ready: gamevault-0.99-I6-before-0.99-I6-HF1-beta-0.99-i6-hf1-build-reliability-2026-10-01T09-25-34-808Z.sqlite (3719168 bytes, retention=5)
[GameIndex DB] backup retention removed 1 old artifact(s): gamevault-0.99-I2-before-0.99-I3-beta-0.99-i3-game-sourced-visual-composition-2026-10-01T09-25-34-771Z.sqlite
[GameIndex DB] migration backup ready: gamevault-0.99-I6-HF1-before-0.991-HF1-beta-0.991-hf1-identity-restoration-2026-10-01T09-25-34-816Z.sqlite (3751936 bytes, retention=5)
[GameIndex DB] backup retention removed 1 old artifact(s): gamevault-0.99-I3-before-0.99-I4-beta-0.99-i4-three-stage-universe-production-pipeline-2026-10-01T09-25-34-781Z.sqlite
[GameIndex DB] migration backup ready: gamevault-0.991-HF1-before-0.991-I1-beta-0.991-i1-reliability-navigation-diagnostics-2026-10-01T09-25-34-824Z.sqlite (3809280 bytes, retention=5)
[GameIndex DB] backup retention removed 1 old artifact(s): gamevault-0.99-I4-before-0.99-I5-beta-0.99-i5-production-consolidation-2026-10-01T09-25-34-789Z.sqlite
[GameIndex DB] migration backup ready: gamevault-0.991-I1-before-0.991-I1-HF1-beta-0.991-i1-hf1-neon-persistence-2026-10-01T09-25-34-833Z.sqlite (3837952 bytes, retention=5)
[GameIndex DB] backup retention removed 1 old artifact(s): gamevault-0.99-I5-before-0.99-I6-beta-0.99-i6-universe-builder-experience-2026-10-01T09-25-34-800Z.sqlite
[GameIndex DB] migration backup ready: gamevault-0.991-I1-HF1-before-0.991-I1-HF2-beta-0.991-i1-hf2-creator-animation-editor-2026-10-01T09-25-34-841Z.sqlite (3837952 bytes, retention=5)
[GameIndex DB] backup retention removed 1 old artifact(s): gamevault-0.99-I6-before-0.99-I6-HF1-beta-0.99-i6-hf1-build-reliability-2026-10-01T09-25-34-808Z.sqlite
[GameIndex DB] migration backup ready: gamevault-0.991-I1-HF2-before-0.9915-beta-0.9915-cinematic-update-2026-10-01T09-25-34-849Z.sqlite (3923968 bytes, retention=5)
[GameIndex DB] backup retention removed 1 old artifact(s): gamevault-0.99-I6-HF1-before-0.991-HF1-beta-0.991-hf1-identity-restoration-2026-10-01T09-25-34-816Z.sqlite
[GameIndex DB] migration backup ready: gamevault-0.9915-before-0.9915-I1-HF1-beta-0.9915-i1-hf1-full-recovery-2026-10-01T09-25-34-860Z.sqlite (4009984 bytes, retention=5)
[GameIndex DB] backup retention removed 1 old artifact(s): gamevault-0.991-HF1-before-0.991-I1-beta-0.991-i1-reliability-navigation-diagnostics-2026-10-01T09-25-34-824Z.sqlite
[GameIndex DB] migration backup ready: gamevault-0.9915-I1-HF1-before-0.9915-I1-HF2-beta-0.9915-i1-hf2-audit-2026-10-01T09-25-34-870Z.sqlite (4009984 bytes, retention=5)
PASS fresh installation registers I1 and I2 on schema 47
PASS repeated registration makes zero SQLite changes
PASS I1 upgrade preserves custom notes and publishes I2 once
PASS failed notes write rolls back release and marker, then retries cleanly
PASS legacy malformed notes are preserved without blocking startup
{"ok":true,"release":"0.992 I2","passed":5}
npm warn Unknown env config "http-proxy". This will stop working in the next major version of npm.

> gameindex-beta-09915-cinematic-update@0.992.0 test:bandwidth
> node tests/bandwidth-0992-i1-hf1.mjs && node tests/bandwidth-http-0992-i1-hf1.mjs

PASS codec restores legacy, compressed and incompressible chunks and rejects malformed/oversized payloads
PASS legacy snapshot restores byte-for-byte without upload
PASS one changed block in 16 MiB reuses 31 blocks remotely, independently of the old snapshot
PASS unchanged forced and normal flushes send zero additional payload
PASS new process restores mixed compressed/raw snapshot and validates the full hash
PASS failed upload preserves last complete snapshot and backs off despite new critical writes
PASS missing reuse source fails closed then recovers with full compressed transfer
PASS shorter and longer databases restore complete without stale chunks
PASS incompressible data still benefits from block reuse
{"ok":true,"passed":9,"syntheticBenchmark":{"rawSnapshotBytes":16777216,"legacyBase64Bytes":22369624,"transmittedPayloadBytes":758,"reusedChunks":31},"counters":{"uploads":7,"uploadedChunks":76,"reusedChunks":71,"payloadBytes":6339304,"rawBytes":76021902}}
[GameIndex DB] migration backup ready: gamevault-0.5-before-0.6-beta-0.6-2026-10-01T09-25-40-376Z.sqlite (208896 bytes, retention=5)
[GameIndex DB] migration backup ready: gamevault-0.6-before-0.65-beta-0.65-2026-10-01T09-25-40-380Z.sqlite (294912 bytes, retention=5)
[GameIndex DB] migration backup ready: gamevault-0.65-before-0.67-beta-0.67-2026-10-01T09-25-40-385Z.sqlite (430080 bytes, retention=5)
[GameIndex DB] migration backup ready: gamevault-0.67-before-0.675-beta-0.675-2026-10-01T09-25-40-387Z.sqlite (507904 bytes, retention=5)
[GameIndex DB] migration backup ready: gamevault-0.675-before-0.7-beta-0.7-2026-10-01T09-25-40-390Z.sqlite (557056 bytes, retention=5)
[GameIndex DB] backup retention removed 1 old artifact(s): gamevault-0.5-before-0.6-beta-0.6-2026-10-01T09-25-40-376Z.sqlite
[GameIndex DB] migration backup ready: gamevault-0.7-before-0.705-beta-0.705-2026-10-01T09-25-40-406Z.sqlite (638976 bytes, retention=5)
[GameIndex DB] backup retention removed 1 old artifact(s): gamevault-0.6-before-0.65-beta-0.65-2026-10-01T09-25-40-380Z.sqlite
[GameIndex DB] migration backup ready: gamevault-0.705-before-0.8-beta-0.8-2026-10-01T09-25-40-409Z.sqlite (647168 bytes, retention=5)
[GameIndex DB] backup retention removed 1 old artifact(s): gamevault-0.65-before-0.67-beta-0.67-2026-10-01T09-25-40-385Z.sqlite
[GameIndex DB] migration backup ready: gamevault-0.8-before-0.85-beta-0.85-2026-10-01T09-25-40-424Z.sqlite (745472 bytes, retention=5)
[GameIndex DB] backup retention removed 1 old artifact(s): gamevault-0.67-before-0.675-beta-0.675-2026-10-01T09-25-40-387Z.sqlite
[GameIndex DB] migration backup ready: gamevault-0.85-before-0.86-beta-0.86-2026-10-01T09-25-40-429Z.sqlite (872448 bytes, retention=5)
[GameIndex DB] backup retention removed 1 old artifact(s): gamevault-0.675-before-0.7-beta-0.7-2026-10-01T09-25-40-390Z.sqlite
[GameIndex DB] migration backup ready: gamevault-0.86-before-0.87-beta-0.87-2026-10-01T09-25-40-450Z.sqlite (925696 bytes, retention=5)
[GameIndex DB] backup retention removed 1 old artifact(s): gamevault-0.7-before-0.705-beta-0.705-2026-10-01T09-25-40-406Z.sqlite
[GameIndex DB] migration backup ready: gamevault-0.87-before-0.88-beta-0.88-2026-10-01T09-25-40-457Z.sqlite (958464 bytes, retention=5)
[GameIndex DB] backup retention removed 1 old artifact(s): gamevault-0.705-before-0.8-beta-0.8-2026-10-01T09-25-40-409Z.sqlite
[GameIndex DB] migration backup ready: gamevault-0.88-before-0.885-beta-0.885-2026-10-01T09-25-40-460Z.sqlite (1069056 bytes, retention=5)
[GameIndex DB] backup retention removed 1 old artifact(s): gamevault-0.8-before-0.85-beta-0.85-2026-10-01T09-25-40-424Z.sqlite
[GameIndex DB] migration backup ready: gamevault-0.885-before-0.89-beta-0.89-2026-10-01T09-25-40-465Z.sqlite (1097728 bytes, retention=5)
[GameIndex DB] backup retention removed 1 old artifact(s): gamevault-0.85-before-0.86-beta-0.86-2026-10-01T09-25-40-429Z.sqlite
[GameIndex DB] migration backup ready: gamevault-0.89-before-0.9-beta-0.9-2026-10-01T09-25-40-468Z.sqlite (1126400 bytes, retention=5)
[GameIndex DB] backup retention removed 1 old artifact(s): gamevault-0.86-before-0.87-beta-0.87-2026-10-01T09-25-40-450Z.sqlite
[GameIndex DB] migration backup ready: gamevault-0.9-before-0.91-beta-0.91-2026-10-01T09-25-40-477Z.sqlite (1294336 bytes, retention=5)
[GameIndex DB] backup retention removed 1 old artifact(s): gamevault-0.87-before-0.88-beta-0.88-2026-10-01T09-25-40-457Z.sqlite
[GameIndex DB] migration backup ready: gamevault-0.91-before-0.92-beta-0.92-2026-10-01T09-25-40-483Z.sqlite (1310720 bytes, retention=5)
[GameIndex DB] backup retention removed 1 old artifact(s): gamevault-0.88-before-0.885-beta-0.885-2026-10-01T09-25-40-460Z.sqlite
[GameIndex DB] migration backup ready: gamevault-0.92-before-0.95-beta-0.95-2026-10-01T09-25-40-487Z.sqlite (1392640 bytes, retention=5)
[GameIndex DB] backup retention removed 1 old artifact(s): gamevault-0.885-before-0.89-beta-0.89-2026-10-01T09-25-40-465Z.sqlite
[GameIndex DB] migration backup ready: gamevault-0.95-before-0.96-beta-0.96-2026-10-01T09-25-40-494Z.sqlite (1781760 bytes, retention=5)
[GameIndex DB] backup retention removed 1 old artifact(s): gamevault-0.89-before-0.9-beta-0.9-2026-10-01T09-25-40-468Z.sqlite
[GameIndex DB] migration backup ready: gamevault-0.96-before-0.97-beta-0.97-2026-10-01T09-25-40-504Z.sqlite (2289664 bytes, retention=5)
[GameIndex DB] backup retention removed 1 old artifact(s): gamevault-0.9-before-0.91-beta-0.91-2026-10-01T09-25-40-477Z.sqlite
[GameIndex DB] migration backup ready: gamevault-0.97-before-0.97-BF-beta-0.97-bf-2026-10-01T09-25-40-513Z.sqlite (2359296 bytes, retention=5)
[GameIndex DB] backup retention removed 1 old artifact(s): gamevault-0.91-before-0.92-beta-0.92-2026-10-01T09-25-40-483Z.sqlite
[GameIndex DB] migration backup ready: gamevault-0.97-BF-before-0.975-BF-beta-0.975-bf-2026-10-01T09-25-40-519Z.sqlite (2461696 bytes, retention=5)
[GameIndex DB] backup retention removed 1 old artifact(s): gamevault-0.92-before-0.95-beta-0.95-2026-10-01T09-25-40-487Z.sqlite
[GameIndex DB] migration backup ready: gamevault-0.975-BF-before-0.975-BF-PRE-PUBLIC-beta-0.975-bf-pre-public-2026-10-01T09-25-40-558Z.sqlite (2510848 bytes, retention=5)
[GameIndex DB] backup retention removed 1 old artifact(s): gamevault-0.95-before-0.96-beta-0.96-2026-10-01T09-25-40-494Z.sqlite
[GameIndex DB] migration backup ready: gamevault-0.975-BF-PRE-PUBLIC-before-0.98-beta-0.98-2026-10-01T09-25-40-583Z.sqlite (2625536 bytes, retention=5)
[GameIndex DB] backup retention removed 1 old artifact(s): gamevault-0.96-before-0.97-beta-0.97-2026-10-01T09-25-40-504Z.sqlite
[GameIndex DB] migration backup ready: gamevault-0.98-before-0.985-beta-0.985-2026-10-01T09-25-40-591Z.sqlite (2772992 bytes, retention=5)
[GameIndex DB] backup retention removed 1 old artifact(s): gamevault-0.97-before-0.97-BF-beta-0.97-bf-2026-10-01T09-25-40-513Z.sqlite
[GameIndex DB] migration backup ready: gamevault-0.985-before-0.985-HF2-beta-0.985-hf2-2026-10-01T09-25-40-600Z.sqlite (2899968 bytes, retention=5)
[GameIndex DB] backup retention removed 1 old artifact(s): gamevault-0.97-BF-before-0.975-BF-beta-0.975-bf-2026-10-01T09-25-40-519Z.sqlite
[GameIndex DB] migration backup ready: gamevault-0.985-HF2-before-0.985-HF3-beta-0.985-hf3-2026-10-01T09-25-40-610Z.sqlite (2899968 bytes, retention=5)
[GameIndex DB] backup retention removed 1 old artifact(s): gamevault-0.975-BF-before-0.975-BF-PRE-PUBLIC-beta-0.975-bf-pre-public-2026-10-01T09-25-40-558Z.sqlite
[GameIndex DB] migration backup ready: gamevault-0.985-HF3-before-0.985-HF4-beta-0.985-hf4-2026-10-01T09-25-40-617Z.sqlite (2899968 bytes, retention=5)
[GameIndex DB] backup retention removed 1 old artifact(s): gamevault-0.975-BF-PRE-PUBLIC-before-0.98-beta-0.98-2026-10-01T09-25-40-583Z.sqlite
[GameIndex DB] migration backup ready: gamevault-0.985-HF4-before-0.986-beta-0.986-2026-10-01T09-25-40-644Z.sqlite (2908160 bytes, retention=5)
[GameIndex DB] backup retention removed 1 old artifact(s): gamevault-0.98-before-0.985-beta-0.985-2026-10-01T09-25-40-591Z.sqlite
[GameIndex DB] migration backup ready: gamevault-0.986-before-0.986-HF2-beta-0.986-hf2-2026-10-01T09-25-40-659Z.sqlite (2994176 bytes, retention=5)
[GameIndex DB] backup retention removed 1 old artifact(s): gamevault-0.985-before-0.985-HF2-beta-0.985-hf2-2026-10-01T09-25-40-600Z.sqlite
[GameIndex DB] migration backup ready: gamevault-0.986-HF2-before-0.986-HF2-beta-0.986-hf2-experience-media-2026-10-01T09-25-40-668Z.sqlite (3035136 bytes, retention=5)
[GameIndex DB] backup retention removed 1 old artifact(s): gamevault-0.985-HF2-before-0.985-HF3-beta-0.985-hf3-2026-10-01T09-25-40-610Z.sqlite
[GameIndex DB] migration backup ready: gamevault-0.986-HF2-before-0.987-beta-0.987-final-personalization-2026-10-01T09-25-40-676Z.sqlite (3047424 bytes, retention=5)
[GameIndex DB] backup retention removed 1 old artifact(s): gamevault-0.985-HF3-before-0.985-HF4-beta-0.985-hf4-2026-10-01T09-25-40-617Z.sqlite
[GameIndex DB] migration backup ready: gamevault-0.987-before-0.9875-beta-0.9875-full-page-personalization-2026-10-01T09-25-40-692Z.sqlite (3076096 bytes, retention=5)
[GameIndex DB] backup retention removed 1 old artifact(s): gamevault-0.985-HF4-before-0.986-beta-0.986-2026-10-01T09-25-40-644Z.sqlite
[GameIndex DB] migration backup ready: gamevault-0.9875-before-0.99-beta-0.99-final-foundation-2026-10-01T09-25-40-702Z.sqlite (3076096 bytes, retention=5)
[GameIndex DB] backup retention removed 1 old artifact(s): gamevault-0.986-before-0.986-HF2-beta-0.986-hf2-2026-10-01T09-25-40-659Z.sqlite
[GameIndex DB] migration backup ready: gamevault-0.99-I1-before-0.99-I2-beta-0.99-i2-intelligent-procedural-experience-engine-2026-10-01T09-25-40-726Z.sqlite (3321856 bytes, retention=5)
[GameIndex DB] backup retention removed 1 old artifact(s): gamevault-0.986-HF2-before-0.986-HF2-beta-0.986-hf2-experience-media-2026-10-01T09-25-40-668Z.sqlite
[GameIndex DB] migration backup ready: gamevault-0.99-I2-before-0.99-I3-beta-0.99-i3-game-sourced-visual-composition-2026-10-01T09-25-40-740Z.sqlite (3346432 bytes, retention=5)
[GameIndex DB] backup retention removed 1 old artifact(s): gamevault-0.986-HF2-before-0.987-beta-0.987-final-personalization-2026-10-01T09-25-40-676Z.sqlite
[GameIndex DB] migration backup ready: gamevault-0.99-I3-before-0.99-I4-beta-0.99-i4-three-stage-universe-production-pipeline-2026-10-01T09-25-40-749Z.sqlite (3383296 bytes, retention=5)
[GameIndex DB] backup retention removed 1 old artifact(s): gamevault-0.987-before-0.9875-beta-0.9875-full-page-personalization-2026-10-01T09-25-40-692Z.sqlite
[GameIndex DB] migration backup ready: gamevault-0.99-I4-before-0.99-I5-beta-0.99-i5-production-consolidation-2026-10-01T09-25-40-757Z.sqlite (3465216 bytes, retention=5)
[GameIndex DB] backup retention removed 1 old artifact(s): gamevault-0.9875-before-0.99-beta-0.99-final-foundation-2026-10-01T09-25-40-702Z.sqlite
[GameIndex DB] migration backup ready: gamevault-0.99-I5-before-0.99-I6-beta-0.99-i6-universe-builder-experience-2026-10-01T09-25-40-770Z.sqlite (3600384 bytes, retention=5)
[GameIndex DB] backup retention removed 1 old artifact(s): gamevault-0.99-I1-before-0.99-I2-beta-0.99-i2-intelligent-procedural-experience-engine-2026-10-01T09-25-40-726Z.sqlite
[GameIndex DB] migration backup ready: gamevault-0.99-I6-before-0.99-I6-HF1-beta-0.99-i6-hf1-build-reliability-2026-10-01T09-25-40-779Z.sqlite (3719168 bytes, retention=5)
[GameIndex DB] backup retention removed 1 old artifact(s): gamevault-0.99-I2-before-0.99-I3-beta-0.99-i3-game-sourced-visual-composition-2026-10-01T09-25-40-740Z.sqlite
[GameIndex DB] migration backup ready: gamevault-0.99-I6-HF1-before-0.991-HF1-beta-0.991-hf1-identity-restoration-2026-10-01T09-25-40-788Z.sqlite (3751936 bytes, retention=5)
[GameIndex DB] backup retention removed 1 old artifact(s): gamevault-0.99-I3-before-0.99-I4-beta-0.99-i4-three-stage-universe-production-pipeline-2026-10-01T09-25-40-749Z.sqlite
[GameIndex DB] migration backup ready: gamevault-0.991-HF1-before-0.991-I1-beta-0.991-i1-reliability-navigation-diagnostics-2026-10-01T09-25-40-798Z.sqlite (3809280 bytes, retention=5)
[GameIndex DB] backup retention removed 1 old artifact(s): gamevault-0.99-I4-before-0.99-I5-beta-0.99-i5-production-consolidation-2026-10-01T09-25-40-757Z.sqlite
[GameIndex DB] migration backup ready: gamevault-0.991-I1-before-0.991-I1-HF1-beta-0.991-i1-hf1-neon-persistence-2026-10-01T09-25-40-809Z.sqlite (3837952 bytes, retention=5)
[GameIndex DB] backup retention removed 1 old artifact(s): gamevault-0.99-I5-before-0.99-I6-beta-0.99-i6-universe-builder-experience-2026-10-01T09-25-40-770Z.sqlite
[GameIndex DB] migration backup ready: gamevault-0.991-I1-HF1-before-0.991-I1-HF2-beta-0.991-i1-hf2-creator-animation-editor-2026-10-01T09-25-40-818Z.sqlite (3837952 bytes, retention=5)
[GameIndex DB] backup retention removed 1 old artifact(s): gamevault-0.99-I6-before-0.99-I6-HF1-beta-0.99-i6-hf1-build-reliability-2026-10-01T09-25-40-779Z.sqlite
[GameIndex DB] migration backup ready: gamevault-0.991-I1-HF2-before-0.9915-beta-0.9915-cinematic-update-2026-10-01T09-25-40-827Z.sqlite (3923968 bytes, retention=5)
[GameIndex DB] backup retention removed 1 old artifact(s): gamevault-0.99-I6-HF1-before-0.991-HF1-beta-0.991-hf1-identity-restoration-2026-10-01T09-25-40-788Z.sqlite
[GameIndex DB] migration backup ready: gamevault-0.9915-before-0.9915-I1-HF1-beta-0.9915-i1-hf1-full-recovery-2026-10-01T09-25-40-838Z.sqlite (4009984 bytes, retention=5)
[GameIndex DB] backup retention removed 1 old artifact(s): gamevault-0.991-HF1-before-0.991-I1-beta-0.991-i1-reliability-navigation-diagnostics-2026-10-01T09-25-40-798Z.sqlite
[GameIndex DB] migration backup ready: gamevault-0.9915-I1-HF1-before-0.9915-I1-HF2-beta-0.9915-i1-hf2-audit-2026-10-01T09-25-40-847Z.sqlite (4009984 bytes, retention=5)
{"ok":true,"tests":["static gzip","static brotli","identity unchanged","ETag 304","range bytes preserved","SSE unbuffered","no-transform respected","protected route intact","JSON compression"],"bytes":{"original":98112,"gzip":25351,"brotli":25807}}
